Sub-Graph Nerual Network Package used for intramolecular energy
2026-02-13-13_33_53 
Epoch=    0 learning rate   1.000000e-03  train error:  839.56701 test error:   22.18966 
Epoch=    1 learning rate   1.000000e-03  train error:  227.71084 test error:   15.66310 
Epoch=    2 learning rate   1.000000e-03  train error:  174.52803 test error:   12.87492 
Epoch=    3 learning rate   1.000000e-03  train error:  147.92524 test error:   11.24898 
Epoch=    4 learning rate   1.000000e-03  train error:  129.85006 test error:    9.92589 
Epoch=    5 learning rate   1.000000e-03  train error:  117.30431 test error:    8.99257 
Epoch=    6 learning rate   1.000000e-03  train error:  107.33428 test error:    8.36256 
Epoch=    7 learning rate   1.000000e-03  train error:   98.98815 test error:    7.76092 
Epoch=    8 learning rate   1.000000e-03  train error:   92.46414 test error:    7.28099 
Epoch=    9 learning rate   1.000000e-03  train error:   87.05483 test error:    7.05880 
Epoch=   10 learning rate   1.000000e-03  train error:   82.62857 test error:    6.46291 
Epoch=   11 learning rate   1.000000e-03  train error:   78.19934 test error:    6.20020 
Epoch=   12 learning rate   1.000000e-03  train error:   75.17714 test error:    5.88754 
Epoch=   13 learning rate   1.000000e-03  train error:   70.69798 test error:    5.66063 
Epoch=   14 learning rate   1.000000e-03  train error:   67.32481 test error:    5.23673 
Epoch=   15 learning rate   1.000000e-03  train error:   64.83343 test error:    5.10138 
Epoch=   16 learning rate   1.000000e-03  train error:   61.85976 test error:    5.49321 
Epoch=   17 learning rate   1.000000e-03  train error:   60.72059 test error:    4.66538 
Epoch=   18 learning rate   1.000000e-03  train error:   57.75871 test error:    4.62637 
Epoch=   19 learning rate   1.000000e-03  train error:   55.12731 test error:    4.27289 
Epoch=   20 learning rate   1.000000e-03  train error:   54.02436 test error:    4.41703 
Epoch=   21 learning rate   1.000000e-03  train error:   52.13243 test error:    4.20416 
Epoch=   22 learning rate   1.000000e-03  train error:   50.49663 test error:    3.96701 
Epoch=   23 learning rate   1.000000e-03  train error:   48.26907 test error:    3.79560 
Epoch=   24 learning rate   1.000000e-03  train error:   46.99185 test error:    3.73815 
Epoch=   25 learning rate   1.000000e-03  train error:   45.44363 test error:    3.67332 
Epoch=   26 learning rate   1.000000e-03  train error:   44.25801 test error:    3.39324 
Epoch=   27 learning rate   1.000000e-03  train error:   42.59068 test error:    3.41121 
Epoch=   29 learning rate   1.000000e-03  train error:   40.45004 test error:    3.25491 
Epoch=   30 learning rate   1.000000e-03  train error:   39.85044 test error:    4.03236 
Epoch=   32 learning rate   1.000000e-03  train error:   38.26787 test error:    2.95241 
Epoch=   33 learning rate   1.000000e-03  train error:   36.34960 test error:    2.99693 
Epoch=   34 learning rate   1.000000e-03  train error:   35.05128 test error:    2.97964 
Epoch=   35 learning rate   1.000000e-03  train error:   34.22148 test error:    2.71336 
Epoch=   36 learning rate   1.000000e-03  train error:   33.54944 test error:    2.76961 
Epoch=   39 learning rate   1.000000e-03  train error:   32.50174 test error:    3.32126 
Epoch=   40 learning rate   1.000000e-03  train error:   32.31250 test error:    2.51498 
Epoch=   41 learning rate   1.000000e-03  train error:   31.37698 test error:    2.98216 
Epoch=   43 learning rate   1.000000e-03  train error:   28.56864 test error:    2.59303 
Epoch=   45 learning rate   1.000000e-03  train error:   27.22212 test error:    3.02590 
Epoch=   47 learning rate   1.000000e-03  train error:   26.86382 test error:    2.41904 
Epoch=   49 learning rate   1.000000e-03  train error:   25.67446 test error:    2.20635 
Epoch=   52 learning rate   1.000000e-03  train error:   24.96190 test error:    2.52909 
Epoch=   54 learning rate   1.000000e-03  train error:   22.47127 test error:    2.13392 
Epoch=   57 learning rate   1.000000e-03  train error:   21.17776 test error:    1.98408 
Epoch=   60 learning rate   1.000000e-03  train error:   20.56365 test error:    1.80222 
Epoch=   68 learning rate   1.000000e-03  train error:   20.39398 test error:    1.56422 
Epoch=   70 learning rate   1.000000e-03  train error:   19.51437 test error:    1.51192 
Epoch=   71 learning rate   1.000000e-03  train error:   17.82611 test error:    1.77437 
Epoch=   72 learning rate   1.000000e-03  train error:   17.13266 test error:    1.43540 
Epoch=   83 learning rate   1.000000e-03  train error:   16.56161 test error:    1.38821 
Epoch=   88 learning rate   1.000000e-03  train error:   16.42409 test error:    1.24847 
Epoch=   91 learning rate   1.000000e-03  train error:   15.38120 test error:    1.38252 
Epoch=   95 learning rate   1.000000e-03  train error:   15.01047 test error:    1.74674 
